#-----------------------------------------------------------
# Vivado v2024.2 (64-bit)
# SW Build 5239630 on Fri Nov 08 22:34:34 MST 2024
# IP Build 5239520 on Sun Nov 10 16:12:51 MST 2024
# SharedData Build 5239561 on Fri Nov 08 14:39:27 MST 2024
# Start of session at: Mon Apr 13 12:00:34 2026
# Process ID         : 3727843
# Current directory  : /mnt/data/Publications/PACT26/tmp/Hardware-Images/vivado
# Command line       : vivado -mode batch -source VCU128_microblaze_bd.tcl
# Log file           : /mnt/data/Publications/PACT26/tmp/Hardware-Images/vivado/vivado.log
# Journal file       : /mnt/data/Publications/PACT26/tmp/Hardware-Images/vivado/vivado.jou
# Running On         : engr-rcl17g.bluecat.arizona.edu
# Platform           : Ubuntu
# Operating System   : Ubuntu 22.04.5 LTS
# Processor Detail   : 12th Gen Intel(R) Core(TM) i9-12900
# CPU Frequency      : 1290.458 MHz
# CPU Physical cores : 16
# CPU Logical cores  : 24
# Host memory        : 67098 MB
# Swap memory        : 2147 MB
# Total Virtual      : 69245 MB
# Available Virtual  : 63303 MB
#-----------------------------------------------------------
source VCU128_microblaze_bd.tcl
# namespace eval _tcl {
# proc get_script_folder {} {
#    set script_path [file normalize [info script]]
#    set script_folder [file dirname $script_path]
#    return $script_folder
# }
# }
# variable script_folder
# set script_folder [_tcl::get_script_folder]
# set scripts_vivado_version 2024.2
# set current_vivado_version [version -short]
# if { [string first $scripts_vivado_version $current_vivado_version] == -1 } {
#    puts ""
#    if { [string compare $scripts_vivado_version $current_vivado_version] > 0 } {
#       catch {common::send_gid_msg -ssname BD::TCL -id 2042 -severity "ERROR" " This script was generated using Vivado <$scripts_vivado_version> and is being run in <$current_vivado_version> of Vivado. Sourcing the script failed since it was created with a future version of Vivado."}
# 
#    } else {
#      catch {common::send_gid_msg -ssname BD::TCL -id 2041 -severity "ERROR" "This script was generated using Vivado <$scripts_vivado_version> and is being run in <$current_vivado_version> of Vivado. Please run the script in Vivado <$scripts_vivado_version> then open the design in Vivado <$current_vivado_version>. Upgrade the design by running \"Tools => Report => Report IP Status...\", then run write_bd_tcl to create an updated script."}
# 
#    }
# 
#    return 1
# }
# set list_projs [get_projects -quiet]
# if { $list_projs eq "" } {
#    create_project project_1 myproj -part xcvu37p-fsvh2892-2L-e
#    set_property BOARD_PART xilinx.com:vcu128:part0:1.0 [current_project]
# }
# variable design_name
# set design_name mb_preset
# set errMsg ""
# set nRet 0
# set cur_design [current_bd_design -quiet]
# set list_cells [get_bd_cells -quiet]
# if { ${design_name} eq "" } {
#    # USE CASES:
#    #    1) Design_name not set
# 
#    set errMsg "Please set the variable <design_name> to a non-empty value."
#    set nRet 1
# 
# } elseif { ${cur_design} ne "" && ${list_cells} eq "" } {
#    # USE CASES:
#    #    2): Current design opened AND is empty AND names same.
#    #    3): Current design opened AND is empty AND names diff; design_name NOT in project.
#    #    4): Current design opened AND is empty AND names diff; design_name exists in project.
# 
#    if { $cur_design ne $design_name } {
#       common::send_gid_msg -ssname BD::TCL -id 2001 -severity "INFO" "Changing value of <design_name> from <$design_name> to <$cur_design> since current design is empty."
#       set design_name [get_property NAME $cur_design]
#    }
#    common::send_gid_msg -ssname BD::TCL -id 2002 -severity "INFO" "Constructing design in IPI design <$cur_design>..."
# 
# } elseif { ${cur_design} ne "" && $list_cells ne "" && $cur_design eq $design_name } {
#    # USE CASES:
#    #    5) Current design opened AND has components AND same names.
# 
#    set errMsg "Design <$design_name> already exists in your project, please set the variable <design_name> to another value."
#    set nRet 1
# } elseif { [get_files -quiet ${design_name}.bd] ne "" } {
#    # USE CASES: 
#    #    6) Current opened design, has components, but diff names, design_name exists in project.
#    #    7) No opened design, design_name exists in project.
# 
#    set errMsg "Design <$design_name> already exists in your project, please set the variable <design_name> to another value."
#    set nRet 2
# 
# } else {
#    # USE CASES:
#    #    8) No opened design, design_name not in project.
#    #    9) Current opened design, has components, but diff names, design_name not in project.
# 
#    common::send_gid_msg -ssname BD::TCL -id 2003 -severity "INFO" "Currently there is no design <$design_name> in project, so creating one..."
# 
#    create_bd_design $design_name
# 
#    common::send_gid_msg -ssname BD::TCL -id 2004 -severity "INFO" "Making design <$design_name> as current_bd_design."
#    current_bd_design $design_name
# 
# }
INFO: [BD::TCL 103-2003] Currently there is no design <mb_preset> in project, so creating one...
Wrote  : </mnt/data/Publications/PACT26/tmp/Hardware-Images/vivado/myproj/project_1.srcs/sources_1/bd/mb_preset/mb_preset.bd> 
INFO: [BD::TCL 103-2004] Making design <mb_preset> as current_bd_design.
# common::send_gid_msg -ssname BD::TCL -id 2005 -severity "INFO" "Currently the variable <design_name> is equal to \"$design_name\"."
INFO: [BD::TCL 103-2005] Currently the variable <design_name> is equal to "mb_preset".
# if { $nRet != 0 } {
#    catch {common::send_gid_msg -ssname BD::TCL -id 2006 -severity "ERROR" $errMsg}
#    return $nRet
# }
# set bCheckIPsPassed 1
# set bCheckIPs 1
# if { $bCheckIPs == 1 } {
#    set list_check_ips "\ 
# xilinx.com:ip:axi_timer:2.0\
# xilinx.com:ip:axi_uartlite:2.0\
# xilinx.com:ip:axi_iic:2.1\
# xilinx.com:ip:microblaze:11.0\
# xilinx.com:ip:ddr4:2.2\
# xilinx.com:ip:axi_intc:4.1\
# xilinx.com:ip:xlconcat:2.1\
# xilinx.com:ip:mdm:3.2\
# xilinx.com:ip:proc_sys_reset:5.0\
# xilinx.com:ip:smartconnect:1.0\
# xilinx.com:ip:axi_gpio:2.0\
# xilinx.com:ip:axi_dma:7.1\
# xilinx.com:ip:util_vector_logic:2.0\
# xilinx.com:ip:xfft:9.1\
# xilinx.com:ip:lmb_v10:3.0\
# xilinx.com:ip:lmb_bram_if_cntlr:4.0\
# xilinx.com:ip:blk_mem_gen:8.4\
# "
# 
#    set list_ips_missing ""
#    common::send_gid_msg -ssname BD::TCL -id 2011 -severity "INFO" "Checking if the following IPs exist in the project's IP catalog: $list_check_ips ."
# 
#    foreach ip_vlnv $list_check_ips {
#       set ip_obj [get_ipdefs -all $ip_vlnv]
#       if { $ip_obj eq "" } {
#          lappend list_ips_missing $ip_vlnv
#       }
#    }
# 
#    if { $list_ips_missing ne "" } {
#       catch {common::send_gid_msg -ssname BD::TCL -id 2012 -severity "ERROR" "The following IPs are not found in the IP Catalog:\n  $list_ips_missing\n\nResolution: Please add the repository containing the IP(s) to the project." }
#       set bCheckIPsPassed 0
#    }
# 
# }
INFO: [BD::TCL 103-2011] Checking if the following IPs exist in the project's IP catalog:  
xilinx.com:ip:axi_timer:2.0 xilinx.com:ip:axi_uartlite:2.0 xilinx.com:ip:axi_iic:2.1 xilinx.com:ip:microblaze:11.0 xilinx.com:ip:ddr4:2.2 xilinx.com:ip:axi_intc:4.1 xilinx.com:ip:xlconcat:2.1 xilinx.com:ip:mdm:3.2 xilinx.com:ip:proc_sys_reset:5.0 xilinx.com:ip:smartconnect:1.0 xilinx.com:ip:axi_gpio:2.0 xilinx.com:ip:axi_dma:7.1 xilinx.com:ip:util_vector_logic:2.0 xilinx.com:ip:xfft:9.1 xilinx.com:ip:lmb_v10:3.0 xilinx.com:ip:lmb_bram_if_cntlr:4.0 xilinx.com:ip:blk_mem_gen:8.4  .
# if { $bCheckIPsPassed != 1 } {
#   common::send_gid_msg -ssname BD::TCL -id 2023 -severity "WARNING" "Will not continue with creation of design due to the error(s) above."
#   return 3
# }
# proc create_hier_cell_microblaze_0_local_memory { parentCell nameHier } {
# 
#   variable script_folder
# 
#   if { $parentCell eq "" || $nameHier eq "" } {
#      catch {common::send_gid_msg -ssname BD::TCL -id 2092 -severity "ERROR" "create_hier_cell_microblaze_0_local_memory() - Empty argument(s)!"}
#      return
#   }
# 
#   # Get object for parentCell
#   set parentObj [get_bd_cells $parentCell]
#   if { $parentObj == "" } {
#      catch {common::send_gid_msg -ssname BD::TCL -id 2090 -severity "ERROR" "Unable to find parent cell <$parentCell>!"}
#      return
#   }
# 
#   # Make sure parentObj is hier blk
#   set parentType [get_property TYPE $parentObj]
#   if { $parentType ne "hier" } {
#      catch {common::send_gid_msg -ssname BD::TCL -id 2091 -severity "ERROR" "Parent <$parentObj> has TYPE = <$parentType>. Expected to be <hier>."}
#      return
#   }
# 
#   # Save current instance; Restore later
#   set oldCurInst [current_bd_instance .]
# 
#   # Set parent object as current
#   current_bd_instance $parentObj
# 
#   # Create cell and set as current instance
#   set hier_obj [create_bd_cell -type hier $nameHier]
#   current_bd_instance $hier_obj
# 
#   # Create interface pins
#   create_bd_intf_pin -mode MirroredMaster -vlnv xilinx.com:interface:lmb_rtl:1.0 DLMB
# 
#   create_bd_intf_pin -mode MirroredMaster -vlnv xilinx.com:interface:lmb_rtl:1.0 ILMB
# 
# 
#   # Create pins
#   create_bd_pin -dir I -type clk LMB_Clk
#   create_bd_pin -dir I -type rst SYS_Rst
# 
#   # Create instance: dlmb_v10, and set properties
#   set dlmb_v10 [ create_bd_cell -type ip -vlnv xilinx.com:ip:lmb_v10:3.0 dlmb_v10 ]
# 
#   # Create instance: ilmb_v10, and set properties
#   set ilmb_v10 [ create_bd_cell -type ip -vlnv xilinx.com:ip:lmb_v10:3.0 ilmb_v10 ]
# 
#   # Create instance: dlmb_bram_if_cntlr, and set properties
#   set dlmb_bram_if_cntlr [ create_bd_cell -type ip -vlnv xilinx.com:ip:lmb_bram_if_cntlr:4.0 dlmb_bram_if_cntlr ]
#   set_property CONFIG.C_ECC {0} $dlmb_bram_if_cntlr
# 
# 
#   # Create instance: ilmb_bram_if_cntlr, and set properties
#   set ilmb_bram_if_cntlr [ create_bd_cell -type ip -vlnv xilinx.com:ip:lmb_bram_if_cntlr:4.0 ilmb_bram_if_cntlr ]
#   set_property CONFIG.C_ECC {0} $ilmb_bram_if_cntlr
# 
# 
#   # Create instance: lmb_bram, and set properties
#   set lmb_bram [ create_bd_cell -type ip -vlnv xilinx.com:ip:blk_mem_gen:8.4 lmb_bram ]
#   set_property -dict [list \
#     CONFIG.Memory_Type {True_Dual_Port_RAM} \
#     CONFIG.use_bram_block {BRAM_Controller} \
#   ] $lmb_bram
# 
# 
#   # Create interface connections
#   connect_bd_intf_net -intf_net microblaze_0_dlmb [get_bd_intf_pins dlmb_v10/LMB_M] [get_bd_intf_pins DLMB]
#   connect_bd_intf_net -intf_net microblaze_0_dlmb_bus [get_bd_intf_pins dlmb_v10/LMB_Sl_0] [get_bd_intf_pins dlmb_bram_if_cntlr/SLMB]
#   connect_bd_intf_net -intf_net microblaze_0_dlmb_cntlr [get_bd_intf_pins dlmb_bram_if_cntlr/BRAM_PORT] [get_bd_intf_pins lmb_bram/BRAM_PORTA]
#   connect_bd_intf_net -intf_net microblaze_0_ilmb [get_bd_intf_pins ilmb_v10/LMB_M] [get_bd_intf_pins ILMB]
#   connect_bd_intf_net -intf_net microblaze_0_ilmb_bus [get_bd_intf_pins ilmb_v10/LMB_Sl_0] [get_bd_intf_pins ilmb_bram_if_cntlr/SLMB]
#   connect_bd_intf_net -intf_net microblaze_0_ilmb_cntlr [get_bd_intf_pins ilmb_bram_if_cntlr/BRAM_PORT] [get_bd_intf_pins lmb_bram/BRAM_PORTB]
# 
#   # Create port connections
#   connect_bd_net -net SYS_Rst_1  [get_bd_pins SYS_Rst] \
#   [get_bd_pins dlmb_v10/SYS_Rst] \
#   [get_bd_pins dlmb_bram_if_cntlr/LMB_Rst] \
#   [get_bd_pins ilmb_v10/SYS_Rst] \
#   [get_bd_pins ilmb_bram_if_cntlr/LMB_Rst]
#   connect_bd_net -net microblaze_0_Clk  [get_bd_pins LMB_Clk] \
#   [get_bd_pins dlmb_v10/LMB_Clk] \
#   [get_bd_pins dlmb_bram_if_cntlr/LMB_Clk] \
#   [get_bd_pins ilmb_v10/LMB_Clk] \
#   [get_bd_pins ilmb_bram_if_cntlr/LMB_Clk]
# 
#   # Restore current instance
#   current_bd_instance $oldCurInst
# }
# proc create_root_design { parentCell } {
# 
#   variable script_folder
#   variable design_name
# 
#   if { $parentCell eq "" } {
#      set parentCell [get_bd_cells /]
#   }
# 
#   # Get object for parentCell
#   set parentObj [get_bd_cells $parentCell]
#   if { $parentObj == "" } {
#      catch {common::send_gid_msg -ssname BD::TCL -id 2090 -severity "ERROR" "Unable to find parent cell <$parentCell>!"}
#      return
#   }
# 
#   # Make sure parentObj is hier blk
#   set parentType [get_property TYPE $parentObj]
#   if { $parentType ne "hier" } {
#      catch {common::send_gid_msg -ssname BD::TCL -id 2091 -severity "ERROR" "Parent <$parentObj> has TYPE = <$parentType>. Expected to be <hier>."}
#      return
#   }
# 
#   # Save current instance; Restore later
#   set oldCurInst [current_bd_instance .]
# 
#   # Set parent object as current
#   current_bd_instance $parentObj
# 
# 
#   # Create interface ports
#   set rs232_uart_0 [ create_bd_intf_port -mode Master -vlnv xilinx.com:interface:uart_rtl:1.0 rs232_uart_0 ]
# 
#   set iic_0 [ create_bd_intf_port -mode Master -vlnv xilinx.com:interface:iic_rtl:1.0 iic_0 ]
# 
#   set ddr4_sdram [ create_bd_intf_port -mode Master -vlnv xilinx.com:interface:ddr4_rtl:1.0 ddr4_sdram ]
# 
#   set default_100mhz_clk [ create_bd_intf_port -mode Slave -vlnv xilinx.com:interface:diff_clock_rtl:1.0 default_100mhz_clk ]
#   set_property -dict [ list \
#    CONFIG.FREQ_HZ {100000000} \
#    ] $default_100mhz_clk
# 
#   set led_8bits [ create_bd_intf_port -mode Master -vlnv xilinx.com:interface:gpio_rtl:1.0 led_8bits ]
# 
# 
#   # Create ports
#   set reset [ create_bd_port -dir I -type rst reset ]
#   set_property -dict [ list \
#    CONFIG.POLARITY {ACTIVE_HIGH} \
#  ] $reset
# 
#   # Create instance: axi_timer_0, and set properties
#   set axi_timer_0 [ create_bd_cell -type ip -vlnv xilinx.com:ip:axi_timer:2.0 axi_timer_0 ]
# 
#   # Create instance: axi_uartlite_0, and set properties
#   set axi_uartlite_0 [ create_bd_cell -type ip -vlnv xilinx.com:ip:axi_uartlite:2.0 axi_uartlite_0 ]
#   set_property -dict [list \
#     CONFIG.C_BAUDRATE {115200} \
#     CONFIG.UARTLITE_BOARD_INTERFACE {rs232_uart_0} \
#     CONFIG.USE_BOARD_FLOW {true} \
#   ] $axi_uartlite_0
# 
# 
#   # Create instance: axi_iic_0, and set properties
#   set axi_iic_0 [ create_bd_cell -type ip -vlnv xilinx.com:ip:axi_iic:2.1 axi_iic_0 ]
#   set_property -dict [list \
#     CONFIG.IIC_BOARD_INTERFACE {iic_0} \
#     CONFIG.USE_BOARD_FLOW {true} \
#   ] $axi_iic_0
# 
# 
#   # Create instance: microblaze_0, and set properties
#   set microblaze_0 [ create_bd_cell -type ip -vlnv xilinx.com:ip:microblaze:11.0 microblaze_0 ]
#   set_property -dict [list \
#     CONFIG.C_DATA_SIZE {32} \
#     CONFIG.C_DCACHE_USE_WRITEBACK {0} \
#     CONFIG.C_DEBUG_ENABLED {1} \
#     CONFIG.C_D_AXI {1} \
#     CONFIG.C_D_LMB {1} \
#     CONFIG.C_ENABLE_CONVERSION {0} \
#     CONFIG.C_FSL_LINKS {0} \
#     CONFIG.C_I_AXI {0} \
#     CONFIG.C_I_LMB {1} \
#     CONFIG.C_USE_BARREL {1} \
#     CONFIG.C_USE_DIV {1} \
#     CONFIG.C_USE_MSR_INSTR {1} \
#     CONFIG.C_USE_PCMP_INSTR {1} \
#     CONFIG.C_USE_REORDER_INSTR {1} \
#     CONFIG.G_TEMPLATE_LIST {10} \
#   ] $microblaze_0
# 
# 
#   # Create instance: ddr4_0, and set properties
#   set ddr4_0 [ create_bd_cell -type ip -vlnv xilinx.com:ip:ddr4:2.2 ddr4_0 ]
#   set_property -dict [list \
#     CONFIG.C0_CLOCK_BOARD_INTERFACE {default_100mhz_clk} \
#     CONFIG.C0_DDR4_BOARD_INTERFACE {ddr4_sdram} \
#     CONFIG.RESET_BOARD_INTERFACE {reset} \
#   ] $ddr4_0
# 
# 
#   # Create instance: microblaze_0_local_memory
#   create_hier_cell_microblaze_0_local_memory [current_bd_instance .] microblaze_0_local_memory
# 
#   # Create instance: microblaze_0_axi_periph, and set properties
#   set microblaze_0_axi_periph [ create_bd_cell -type ip -vlnv xilinx.com:ip:axi_interconnect:2.1 microblaze_0_axi_periph ]
#   set_property -dict [list \
#     CONFIG.M01_HAS_REGSLICE {1} \
#     CONFIG.NUM_MI {9} \
#   ] $microblaze_0_axi_periph
# 
# 
#   # Create instance: microblaze_0_axi_intc, and set properties
#   set microblaze_0_axi_intc [ create_bd_cell -type ip -vlnv xilinx.com:ip:axi_intc:4.1 microblaze_0_axi_intc ]
#   set_property CONFIG.C_HAS_FAST {1} $microblaze_0_axi_intc
# 
# 
#   # Create instance: microblaze_0_xlconcat, and set properties
#   set microblaze_0_xlconcat [ create_bd_cell -type ip -vlnv xilinx.com:ip:xlconcat:2.1 microblaze_0_xlconcat ]
#   set_property CONFIG.NUM_PORTS {7} $microblaze_0_xlconcat
# 
# 
#   # Create instance: mdm_1, and set properties
#   set mdm_1 [ create_bd_cell -type ip -vlnv xilinx.com:ip:mdm:3.2 mdm_1 ]
# 
#   # Create instance: rst_ddr4_0_100M, and set properties
#   set rst_ddr4_0_100M [ create_bd_cell -type ip -vlnv xilinx.com:ip:proc_sys_reset:5.0 rst_ddr4_0_100M ]
#   set_property -dict [list \
#     CONFIG.RESET_BOARD_INTERFACE {Custom} \
#     CONFIG.USE_BOARD_FLOW {true} \
#   ] $rst_ddr4_0_100M
# 
# 
#   # Create instance: axi_smc, and set properties
#   set axi_smc [ create_bd_cell -type ip -vlnv xilinx.com:ip:smartconnect:1.0 axi_smc ]
#   set_property -dict [list \
#     CONFIG.NUM_CLKS {2} \
#     CONFIG.NUM_SI {4} \
#   ] $axi_smc
# 
# 
#   # Create instance: rst_ddr4_0_333M, and set properties
#   set rst_ddr4_0_333M [ create_bd_cell -type ip -vlnv xilinx.com:ip:proc_sys_reset:5.0 rst_ddr4_0_333M ]
# 
#   # Create instance: axi_gpio_0, and set properties
#   set axi_gpio_0 [ create_bd_cell -type ip -vlnv xilinx.com:ip:axi_gpio:2.0 axi_gpio_0 ]
#   set_property -dict [list \
#     CONFIG.GPIO_BOARD_INTERFACE {led_8bits} \
#     CONFIG.USE_BOARD_FLOW {true} \
#   ] $axi_gpio_0
# 
# 
#   # Create instance: fft_0_dma, and set properties
#   set fft_0_dma [ create_bd_cell -type ip -vlnv xilinx.com:ip:axi_dma:7.1 fft_0_dma ]
#   set_property -dict [list \
#     CONFIG.c_include_sg {0} \
#     CONFIG.c_m_axi_mm2s_data_width {64} \
#     CONFIG.c_m_axis_mm2s_tdata_width {64} \
#   ] $fft_0_dma
# 
# 
#   # Create instance: fft_0_reset_logic, and set properties
#   set fft_0_reset_logic [ create_bd_cell -type ip -vlnv xilinx.com:ip:util_vector_logic:2.0 fft_0_reset_logic ]
#   set_property CONFIG.C_SIZE {1} $fft_0_reset_logic
# 
# 
#   # Create instance: fft_0_resetn_gpio, and set properties
#   set fft_0_resetn_gpio [ create_bd_cell -type ip -vlnv xilinx.com:ip:axi_gpio:2.0 fft_0_resetn_gpio ]
#   set_property -dict [list \
#     CONFIG.C_ALL_OUTPUTS {1} \
#     CONFIG.C_GPIO_WIDTH {1} \
#   ] $fft_0_resetn_gpio
# 
# 
#   # Create instance: fft_0_config_gpio, and set properties
#   set fft_0_config_gpio [ create_bd_cell -type ip -vlnv xilinx.com:ip:axi_gpio:2.0 fft_0_config_gpio ]
#   set_property -dict [list \
#     CONFIG.C_ALL_INPUTS {0} \
#     CONFIG.C_ALL_OUTPUTS {1} \
#     CONFIG.C_ALL_OUTPUTS_2 {1} \
#     CONFIG.C_GPIO2_WIDTH {24} \
#     CONFIG.C_GPIO_WIDTH {1} \
#     CONFIG.C_IS_DUAL {1} \
#   ] $fft_0_config_gpio
# 
# 
#   # Create instance: xfft_0, and set properties
#   set xfft_0 [ create_bd_cell -type ip -vlnv xilinx.com:ip:xfft:9.1 xfft_0 ]
#   set_property -dict [list \
#     CONFIG.aresetn {true} \
#     CONFIG.complex_mult_type {use_mults_performance} \
#     CONFIG.data_format {floating_point} \
#     CONFIG.implementation_options {pipelined_streaming_io} \
#     CONFIG.number_of_stages_using_block_ram_for_data_and_phase_factors {6} \
#     CONFIG.output_ordering {natural_order} \
#     CONFIG.phase_factor_width {24} \
#     CONFIG.run_time_configurable_transform_length {true} \
#     CONFIG.super_sample_rates {1} \
#     CONFIG.target_clock_frequency {100} \
#     CONFIG.transform_length {8192} \
#   ] $xfft_0
# 
# 
#   # Create interface connections
#   connect_bd_intf_net -intf_net axi_dma_2_M_AXIS_MM2S [get_bd_intf_pins xfft_0/S_AXIS_DATA] [get_bd_intf_pins fft_0_dma/M_AXIS_MM2S]
#   connect_bd_intf_net -intf_net axi_gpio_0_GPIO [get_bd_intf_ports led_8bits] [get_bd_intf_pins axi_gpio_0/GPIO]
#   connect_bd_intf_net -intf_net axi_iic_0_IIC [get_bd_intf_ports iic_0] [get_bd_intf_pins axi_iic_0/IIC]
#   connect_bd_intf_net -intf_net axi_smc_M00_AXI [get_bd_intf_pins axi_smc/M00_AXI] [get_bd_intf_pins ddr4_0/C0_DDR4_S_AXI]
#   connect_bd_intf_net -intf_net axi_uartlite_0_UART [get_bd_intf_ports rs232_uart_0] [get_bd_intf_pins axi_uartlite_0/UART]
#   connect_bd_intf_net -intf_net ddr4_0_C0_DDR4 [get_bd_intf_ports ddr4_sdram] [get_bd_intf_pins ddr4_0/C0_DDR4]
#   connect_bd_intf_net -intf_net default_100mhz_clk_1 [get_bd_intf_ports default_100mhz_clk] [get_bd_intf_pins ddr4_0/C0_SYS_CLK]
#   connect_bd_intf_net -intf_net fft_0_dma_M_AXI_MM2S [get_bd_intf_pins fft_0_dma/M_AXI_MM2S] [get_bd_intf_pins axi_smc/S02_AXI]
#   connect_bd_intf_net -intf_net fft_0_dma_M_AXI_S2MM [get_bd_intf_pins fft_0_dma/M_AXI_S2MM] [get_bd_intf_pins axi_smc/S03_AXI]
#   connect_bd_intf_net -intf_net microblaze_0_M_AXI_DC [get_bd_intf_pins microblaze_0/M_AXI_DC] [get_bd_intf_pins axi_smc/S00_AXI]
#   connect_bd_intf_net -intf_net microblaze_0_M_AXI_IC [get_bd_intf_pins microblaze_0/M_AXI_IC] [get_bd_intf_pins axi_smc/S01_AXI]
#   connect_bd_intf_net -intf_net microblaze_0_axi_dp [get_bd_intf_pins microblaze_0_axi_periph/S00_AXI] [get_bd_intf_pins microblaze_0/M_AXI_DP]
#   connect_bd_intf_net -intf_net microblaze_0_axi_periph_M01_AXI [get_bd_intf_pins microblaze_0_axi_periph/M01_AXI] [get_bd_intf_pins ddr4_0/C0_DDR4_S_AXI_CTRL]
#   connect_bd_intf_net -intf_net microblaze_0_axi_periph_M02_AXI [get_bd_intf_pins axi_iic_0/S_AXI] [get_bd_intf_pins microblaze_0_axi_periph/M02_AXI]
#   connect_bd_intf_net -intf_net microblaze_0_axi_periph_M03_AXI [get_bd_intf_pins axi_uartlite_0/S_AXI] [get_bd_intf_pins microblaze_0_axi_periph/M03_AXI]
#   connect_bd_intf_net -intf_net microblaze_0_axi_periph_M04_AXI [get_bd_intf_pins axi_timer_0/S_AXI] [get_bd_intf_pins microblaze_0_axi_periph/M04_AXI]
#   connect_bd_intf_net -intf_net microblaze_0_axi_periph_M05_AXI [get_bd_intf_pins axi_gpio_0/S_AXI] [get_bd_intf_pins microblaze_0_axi_periph/M05_AXI]
#   connect_bd_intf_net -intf_net microblaze_0_axi_periph_M06_AXI [get_bd_intf_pins fft_0_dma/S_AXI_LITE] [get_bd_intf_pins microblaze_0_axi_periph/M06_AXI]
#   connect_bd_intf_net -intf_net microblaze_0_axi_periph_M07_AXI [get_bd_intf_pins fft_0_resetn_gpio/S_AXI] [get_bd_intf_pins microblaze_0_axi_periph/M07_AXI]
#   connect_bd_intf_net -intf_net microblaze_0_axi_periph_M08_AXI [get_bd_intf_pins fft_0_config_gpio/S_AXI] [get_bd_intf_pins microblaze_0_axi_periph/M08_AXI]
#   connect_bd_intf_net -intf_net microblaze_0_debug [get_bd_intf_pins mdm_1/MBDEBUG_0] [get_bd_intf_pins microblaze_0/DEBUG]
#   connect_bd_intf_net -intf_net microblaze_0_dlmb_1 [get_bd_intf_pins microblaze_0/DLMB] [get_bd_intf_pins microblaze_0_local_memory/DLMB]
#   connect_bd_intf_net -intf_net microblaze_0_ilmb_1 [get_bd_intf_pins microblaze_0/ILMB] [get_bd_intf_pins microblaze_0_local_memory/ILMB]
#   connect_bd_intf_net -intf_net microblaze_0_intc_axi [get_bd_intf_pins microblaze_0_axi_periph/M00_AXI] [get_bd_intf_pins microblaze_0_axi_intc/s_axi]
#   connect_bd_intf_net -intf_net microblaze_0_interrupt [get_bd_intf_pins microblaze_0_axi_intc/interrupt] [get_bd_intf_pins microblaze_0/INTERRUPT]
#   connect_bd_intf_net -intf_net xfft_0_M_AXIS_DATA [get_bd_intf_pins xfft_0/M_AXIS_DATA] [get_bd_intf_pins fft_0_dma/S_AXIS_S2MM]
# 
#   # Create port connections
#   connect_bd_net -net axi_gpio_2_gpio_io_o  [get_bd_pins fft_0_resetn_gpio/gpio_io_o] \
#   [get_bd_pins fft_0_reset_logic/Op1]
#   connect_bd_net -net axi_gpio_3_gpio2_io_o  [get_bd_pins fft_0_config_gpio/gpio2_io_o] \
#   [get_bd_pins xfft_0/s_axis_config_tdata]
#   connect_bd_net -net axi_gpio_3_gpio_io_o  [get_bd_pins fft_0_config_gpio/gpio_io_o] \
#   [get_bd_pins xfft_0/s_axis_config_tvalid]
#   connect_bd_net -net axi_iic_0_iic2intc_irpt  [get_bd_pins axi_iic_0/iic2intc_irpt] \
#   [get_bd_pins microblaze_0_xlconcat/In2]
#   connect_bd_net -net axi_timer_0_interrupt  [get_bd_pins axi_timer_0/interrupt] \
#   [get_bd_pins microblaze_0_xlconcat/In0]
#   connect_bd_net -net axi_uartlite_0_interrupt  [get_bd_pins axi_uartlite_0/interrupt] \
#   [get_bd_pins microblaze_0_xlconcat/In1]
#   connect_bd_net -net ddr4_0_c0_ddr4_ui_clk  [get_bd_pins ddr4_0/c0_ddr4_ui_clk] \
#   [get_bd_pins axi_smc/aclk] \
#   [get_bd_pins rst_ddr4_0_333M/slowest_sync_clk] \
#   [get_bd_pins microblaze_0_axi_periph/M01_ACLK]
#   connect_bd_net -net ddr4_0_c0_ddr4_ui_clk_sync_rst  [get_bd_pins ddr4_0/c0_ddr4_ui_clk_sync_rst] \
#   [get_bd_pins rst_ddr4_0_333M/ext_reset_in] \
#   [get_bd_pins rst_ddr4_0_100M/ext_reset_in]
#   connect_bd_net -net mdm_1_debug_sys_rst  [get_bd_pins mdm_1/Debug_SYS_Rst] \
#   [get_bd_pins rst_ddr4_0_100M/mb_debug_sys_rst]
#   connect_bd_net -net microblaze_0_Clk  [get_bd_pins ddr4_0/addn_ui_clkout1] \
#   [get_bd_pins microblaze_0/Clk] \
#   [get_bd_pins microblaze_0_axi_periph/ACLK] \
#   [get_bd_pins microblaze_0_axi_periph/S00_ACLK] \
#   [get_bd_pins microblaze_0_axi_periph/M00_ACLK] \
#   [get_bd_pins microblaze_0_axi_intc/s_axi_aclk] \
#   [get_bd_pins microblaze_0_axi_intc/processor_clk] \
#   [get_bd_pins microblaze_0_local_memory/LMB_Clk] \
#   [get_bd_pins rst_ddr4_0_100M/slowest_sync_clk] \
#   [get_bd_pins axi_smc/aclk1] \
#   [get_bd_pins microblaze_0_axi_periph/M02_ACLK] \
#   [get_bd_pins microblaze_0_axi_periph/M03_ACLK] \
#   [get_bd_pins axi_iic_0/s_axi_aclk] \
#   [get_bd_pins microblaze_0_axi_periph/M04_ACLK] \
#   [get_bd_pins axi_uartlite_0/s_axi_aclk] \
#   [get_bd_pins microblaze_0_axi_periph/M05_ACLK] \
#   [get_bd_pins axi_timer_0/s_axi_aclk] \
#   [get_bd_pins axi_gpio_0/s_axi_aclk] \
#   [get_bd_pins microblaze_0_axi_periph/M06_ACLK] \
#   [get_bd_pins microblaze_0_axi_periph/M07_ACLK] \
#   [get_bd_pins microblaze_0_axi_periph/M08_ACLK] \
#   [get_bd_pins fft_0_dma/s_axi_lite_aclk] \
#   [get_bd_pins fft_0_dma/m_axi_mm2s_aclk] \
#   [get_bd_pins fft_0_dma/m_axi_s2mm_aclk] \
#   [get_bd_pins fft_0_resetn_gpio/s_axi_aclk] \
#   [get_bd_pins fft_0_config_gpio/s_axi_aclk] \
#   [get_bd_pins xfft_0/aclk]
#   connect_bd_net -net microblaze_0_intr  [get_bd_pins microblaze_0_xlconcat/dout] \
#   [get_bd_pins microblaze_0_axi_intc/intr]
#   connect_bd_net -net reset_1  [get_bd_ports reset] \
#   [get_bd_pins ddr4_0/sys_rst]
#   connect_bd_net -net rst_ddr4_0_100M_bus_struct_reset  [get_bd_pins rst_ddr4_0_100M/bus_struct_reset] \
#   [get_bd_pins microblaze_0_local_memory/SYS_Rst]
#   connect_bd_net -net rst_ddr4_0_100M_mb_reset  [get_bd_pins rst_ddr4_0_100M/mb_reset] \
#   [get_bd_pins microblaze_0/Reset] \
#   [get_bd_pins microblaze_0_axi_intc/processor_rst]
#   connect_bd_net -net rst_ddr4_0_100M_peripheral_aresetn  [get_bd_pins rst_ddr4_0_100M/peripheral_aresetn] \
#   [get_bd_pins microblaze_0_axi_periph/ARESETN] \
#   [get_bd_pins microblaze_0_axi_periph/S00_ARESETN] \
#   [get_bd_pins microblaze_0_axi_periph/M00_ARESETN] \
#   [get_bd_pins microblaze_0_axi_intc/s_axi_aresetn] \
#   [get_bd_pins axi_smc/aresetn] \
#   [get_bd_pins microblaze_0_axi_periph/M02_ARESETN] \
#   [get_bd_pins microblaze_0_axi_periph/M03_ARESETN] \
#   [get_bd_pins axi_iic_0/s_axi_aresetn] \
#   [get_bd_pins microblaze_0_axi_periph/M04_ARESETN] \
#   [get_bd_pins axi_uartlite_0/s_axi_aresetn] \
#   [get_bd_pins microblaze_0_axi_periph/M05_ARESETN] \
#   [get_bd_pins axi_timer_0/s_axi_aresetn] \
#   [get_bd_pins axi_gpio_0/s_axi_aresetn] \
#   [get_bd_pins microblaze_0_axi_periph/M06_ARESETN] \
#   [get_bd_pins microblaze_0_axi_periph/M07_ARESETN] \
#   [get_bd_pins microblaze_0_axi_periph/M08_ARESETN] \
#   [get_bd_pins fft_0_resetn_gpio/s_axi_aresetn] \
#   [get_bd_pins fft_0_config_gpio/s_axi_aresetn] \
#   [get_bd_pins fft_0_reset_logic/Op2]
#   connect_bd_net -net rst_ddr4_0_333M_peripheral_aresetn  [get_bd_pins rst_ddr4_0_333M/peripheral_aresetn] \
#   [get_bd_pins ddr4_0/c0_ddr4_aresetn] \
#   [get_bd_pins microblaze_0_axi_periph/M01_ARESETN]
#   connect_bd_net -net util_vector_logic_1_Res  [get_bd_pins fft_0_reset_logic/Res] \
#   [get_bd_pins fft_0_dma/axi_resetn] \
#   [get_bd_pins xfft_0/aresetn]
# 
#   # Create address segments
#   assign_bd_address -offset 0x40020000 -range 0x00010000 -with_name SEG_axi_dma_2_Reg -target_address_space [get_bd_addr_spaces microblaze_0/Data] [get_bd_addr_segs fft_0_dma/S_AXI_LITE/Reg] -force
#   assign_bd_address -offset 0x40000000 -range 0x00010000 -target_address_space [get_bd_addr_spaces microblaze_0/Data] [get_bd_addr_segs axi_gpio_0/S_AXI/Reg] -force
#   assign_bd_address -offset 0x40030000 -range 0x00010000 -with_name SEG_axi_gpio_2_Reg -target_address_space [get_bd_addr_spaces microblaze_0/Data] [get_bd_addr_segs fft_0_resetn_gpio/S_AXI/Reg] -force
#   assign_bd_address -offset 0x40010000 -range 0x00010000 -with_name SEG_axi_gpio_3_Reg -target_address_space [get_bd_addr_spaces microblaze_0/Data] [get_bd_addr_segs fft_0_config_gpio/S_AXI/Reg] -force
#   assign_bd_address -offset 0x40800000 -range 0x00010000 -target_address_space [get_bd_addr_spaces microblaze_0/Data] [get_bd_addr_segs axi_iic_0/S_AXI/Reg] -force
#   assign_bd_address -offset 0x41C00000 -range 0x00010000 -target_address_space [get_bd_addr_spaces microblaze_0/Data] [get_bd_addr_segs axi_timer_0/S_AXI/Reg] -force
#   assign_bd_address -offset 0x40600000 -range 0x00010000 -target_address_space [get_bd_addr_spaces microblaze_0/Data] [get_bd_addr_segs axi_uartlite_0/S_AXI/Reg] -force
#   assign_bd_address -offset 0x80000000 -range 0x80000000 -target_address_space [get_bd_addr_spaces microblaze_0/Data] [get_bd_addr_segs ddr4_0/C0_DDR4_MEMORY_MAP/C0_DDR4_ADDRESS_BLOCK] -force
#   assign_bd_address -offset 0x41300000 -range 0x00100000 -target_address_space [get_bd_addr_spaces microblaze_0/Data] [get_bd_addr_segs ddr4_0/C0_DDR4_MEMORY_MAP_CTRL/C0_REG] -force
#   assign_bd_address -offset 0x00000000 -range 0x00020000 -target_address_space [get_bd_addr_spaces microblaze_0/Data] [get_bd_addr_segs microblaze_0_local_memory/dlmb_bram_if_cntlr/SLMB/Mem] -force
#   assign_bd_address -offset 0x41200000 -range 0x00010000 -target_address_space [get_bd_addr_spaces microblaze_0/Data] [get_bd_addr_segs microblaze_0_axi_intc/S_AXI/Reg] -force
#   assign_bd_address -offset 0x80000000 -range 0x80000000 -target_address_space [get_bd_addr_spaces microblaze_0/Instruction] [get_bd_addr_segs ddr4_0/C0_DDR4_MEMORY_MAP/C0_DDR4_ADDRESS_BLOCK] -force
#   assign_bd_address -offset 0x00000000 -range 0x00020000 -target_address_space [get_bd_addr_spaces microblaze_0/Instruction] [get_bd_addr_segs microblaze_0_local_memory/ilmb_bram_if_cntlr/SLMB/Mem] -force
#   assign_bd_address -offset 0x80000000 -range 0x80000000 -target_address_space [get_bd_addr_spaces fft_0_dma/Data_MM2S] [get_bd_addr_segs ddr4_0/C0_DDR4_MEMORY_MAP/C0_DDR4_ADDRESS_BLOCK] -force
#   assign_bd_address -offset 0x80000000 -range 0x80000000 -target_address_space [get_bd_addr_spaces fft_0_dma/Data_S2MM] [get_bd_addr_segs ddr4_0/C0_DDR4_MEMORY_MAP/C0_DDR4_ADDRESS_BLOCK] -force
# 
# 
#   # Restore current instance
#   current_bd_instance $oldCurInst
# 
#   validate_bd_design
#   save_bd_design
# }
# create_root_design ""
INFO: [Device 21-403] Loading part xcvu37p-fsvh2892-2L-e
WARNING: [BD 5-699] No address segments matched 'get_bd_addr_segs -of_object /ilmb_cntlr/SLMB/Mem'
WARNING: [BD 5-699] No address segments matched 'get_bd_addr_segs -of_object /second_ilmb_cntlr/SLMB/Mem'
WARNING: [BD 5-699] No address segments matched 'get_bd_addr_segs -of_object /dlmb_cntlr/SLMB/Mem'
WARNING: [BD 5-699] No address segments matched 'get_bd_addr_segs -of_object /second_dlmb_cntlr/SLMB/Mem'
WARNING: [BD 5-699] No address segments matched 'get_bd_addr_segs -of_object /iomodule_0/SLMB/Reg'
WARNING: [BD 5-699] No address segments matched 'get_bd_addr_segs -of_object /iomodule_0/SLMB/IO'
INFO: [xilinx.com:ip:microblaze:11.0-9] /microblaze_I: Setting C_BASE_VECTORS to 0x00000000.
create_bd_cell: Time (s): cpu = 00:00:11 ; elapsed = 00:00:12 . Memory (MB): peak = 3272.887 ; gain = 1637.797 ; free physical = 32028 ; free virtual = 58224
WARNING: [BD 5-699] No address segments matched 'get_bd_addr_segs -of_object /ilmb_cntlr/SLMB/Mem'
WARNING: [BD 5-699] No address segments matched 'get_bd_addr_segs -of_object /second_ilmb_cntlr/SLMB/Mem'
WARNING: [BD 5-699] No address segments matched 'get_bd_addr_segs -of_object /dlmb_cntlr/SLMB/Mem'
WARNING: [BD 5-699] No address segments matched 'get_bd_addr_segs -of_object /second_dlmb_cntlr/SLMB/Mem'
WARNING: [BD 5-699] No address segments matched 'get_bd_addr_segs -of_object /iomodule_0/SLMB/Reg'
WARNING: [BD 5-699] No address segments matched 'get_bd_addr_segs -of_object /iomodule_0/SLMB/IO'
INFO: [xilinx.com:ip:microblaze:11.0-9] /microblaze_I: Setting C_BASE_VECTORS to 0x00000000.
INFO: [BD 5-1043] It is recommended to use inline hdl version xilinx.com:inline_hdl:ilconcat:1.0 for the IP type xilinx.com:ip:xlconcat:2.1 for improved performance and reduced disk space. IPs with VLNV xilinx.com:ip:xlconcat:2.1 may be deprecated in future releases. More information on inline hdl IP is available in UG994 
INFO: [BD 5-1043] It is recommended to use inline hdl version xilinx.com:inline_hdl:ilvector_logic:1.0 for the IP type xilinx.com:ip:util_vector_logic:2.0 for improved performance and reduced disk space. IPs with VLNV xilinx.com:ip:util_vector_logic:2.0 may be deprecated in future releases. More information on inline hdl IP is available in UG994 
Slave segment '/fft_0_dma/S_AXI_LITE/Reg' is being assigned into address space '/microblaze_0/Data' at <0x4002_0000 [ 64K ]>.
Slave segment '/axi_gpio_0/S_AXI/Reg' is being assigned into address space '/microblaze_0/Data' at <0x4000_0000 [ 64K ]>.
Slave segment '/fft_0_resetn_gpio/S_AXI/Reg' is being assigned into address space '/microblaze_0/Data' at <0x4003_0000 [ 64K ]>.
Slave segment '/fft_0_config_gpio/S_AXI/Reg' is being assigned into address space '/microblaze_0/Data' at <0x4001_0000 [ 64K ]>.
Slave segment '/axi_iic_0/S_AXI/Reg' is being assigned into address space '/microblaze_0/Data' at <0x4080_0000 [ 64K ]>.
Slave segment '/axi_timer_0/S_AXI/Reg' is being assigned into address space '/microblaze_0/Data' at <0x41C0_0000 [ 64K ]>.
Slave segment '/axi_uartlite_0/S_AXI/Reg' is being assigned into address space '/microblaze_0/Data' at <0x4060_0000 [ 64K ]>.
Slave segment '/ddr4_0/C0_DDR4_MEMORY_MAP/C0_DDR4_ADDRESS_BLOCK' is being assigned into address space '/microblaze_0/Data' at <0x8000_0000 [ 2G ]>.
Slave segment '/ddr4_0/C0_DDR4_MEMORY_MAP_CTRL/C0_REG' is being assigned into address space '/microblaze_0/Data' at <0x4130_0000 [ 1M ]>.
Slave segment '/microblaze_0_local_memory/dlmb_bram_if_cntlr/SLMB/Mem' is being assigned into address space '/microblaze_0/Data' at <0x0000_0000 [ 128K ]>.
Slave segment '/microblaze_0_axi_intc/S_AXI/Reg' is being assigned into address space '/microblaze_0/Data' at <0x4120_0000 [ 64K ]>.
Slave segment '/ddr4_0/C0_DDR4_MEMORY_MAP/C0_DDR4_ADDRESS_BLOCK' is being assigned into address space '/microblaze_0/Instruction' at <0x8000_0000 [ 2G ]>.
Slave segment '/microblaze_0_local_memory/ilmb_bram_if_cntlr/SLMB/Mem' is being assigned into address space '/microblaze_0/Instruction' at <0x0000_0000 [ 128K ]>.
Slave segment '/ddr4_0/C0_DDR4_MEMORY_MAP/C0_DDR4_ADDRESS_BLOCK' is being assigned into address space '/fft_0_dma/Data_MM2S' at <0x8000_0000 [ 2G ]>.
Slave segment '/ddr4_0/C0_DDR4_MEMORY_MAP/C0_DDR4_ADDRESS_BLOCK' is being assigned into address space '/fft_0_dma/Data_S2MM' at <0x8000_0000 [ 2G ]>.
WARNING: [BD 5-699] No address segments matched 'get_bd_addr_segs -of_object /ilmb_cntlr/SLMB/Mem'
WARNING: [BD 5-699] No address segments matched 'get_bd_addr_segs -of_object /second_ilmb_cntlr/SLMB/Mem'
WARNING: [BD 5-699] No address segments matched 'get_bd_addr_segs -of_object /dlmb_cntlr/SLMB/Mem'
WARNING: [BD 5-699] No address segments matched 'get_bd_addr_segs -of_object /second_dlmb_cntlr/SLMB/Mem'
WARNING: [BD 5-699] No address segments matched 'get_bd_addr_segs -of_object /iomodule_0/SLMB/Reg'
WARNING: [BD 5-699] No address segments matched 'get_bd_addr_segs -of_object /iomodule_0/SLMB/IO'
INFO: [xilinx.com:ip:microblaze:11.0-9] /microblaze_I: Setting C_BASE_VECTORS to 0x00000000.
INFO: [BD 5-943] Reserving offset range <0x8000_0000 [ 2G ]> from slave interface '/axi_smc/S00_AXI' to master interface '/axi_smc/M00_AXI'. This will be used by smartconnect on path for routing.
INFO: [BD 5-943] Reserving offset range <0x8000_0000 [ 2G ]> from slave interface '/axi_smc/S01_AXI' to master interface '/axi_smc/M00_AXI'. This will be used by smartconnect on path for routing.
INFO: [BD 5-943] Reserving offset range <0x8000_0000 [ 2G ]> from slave interface '/axi_smc/S02_AXI' to master interface '/axi_smc/M00_AXI'. This will be used by smartconnect on path for routing.
INFO: [BD 5-943] Reserving offset range <0x8000_0000 [ 2G ]> from slave interface '/axi_smc/S03_AXI' to master interface '/axi_smc/M00_AXI'. This will be used by smartconnect on path for routing.
INFO: [xilinx.com:ip:smartconnect:1.0-1] mb_preset_axi_smc_0: SmartConnect mb_preset_axi_smc_0 is in High-performance Mode.
WARNING: [filemgmt 56-443] The ECC Algorithm string is empty. Setting the Memory Map to default ECC value to ECC_NONE.
INFO: [xilinx.com:ip:microblaze:11.0-16] /microblaze_0: Setting D-cache cacheable area base address C_DCACHE_BASEADDR to 0x80000000 and high address C_DCACHE_HIGHADDR to 0xFFFFFFFF.
INFO: [xilinx.com:ip:microblaze:11.0-16] /microblaze_0: Setting I-cache cacheable area base address C_ICACHE_BASEADDR to 0x80000000 and high address C_ICACHE_HIGHADDR to 0xFFFFFFFF.
INFO: [xilinx.com:ip:microblaze:11.0-9] /microblaze_0: Setting C_BASE_VECTORS to 0x00000000.
INFO: [xilinx.com:ip:util_vector_logic:2.0-10] /fft_0_reset_logic IP set output pin Res type to "rst" when Input pin Op1 type is "undef" and Input pin Op2 type is "rst".
INFO: [xilinx.com:ip:axi_intc:4.1-1] /microblaze_0_axi_intc: The AXI INTC core has been configured to operate with synchronous clocks.
WARNING: [xilinx.com:ip:axi_intc:4.1-6] /microblaze_0_axi_intc: Property SENSITIVITY = "NULL" for interrupt input 6 not recognized - using default interrupt type Rising Edge. Please change this manually if necessary.
WARNING: [xilinx.com:ip:axi_intc:4.1-6] /microblaze_0_axi_intc: Property SENSITIVITY = "NULL" for interrupt input 5 not recognized - using default interrupt type Rising Edge. Please change this manually if necessary.
WARNING: [xilinx.com:ip:axi_intc:4.1-6] /microblaze_0_axi_intc: Property SENSITIVITY = "NULL" for interrupt input 4 not recognized - using default interrupt type Rising Edge. Please change this manually if necessary.
WARNING: [xilinx.com:ip:axi_intc:4.1-6] /microblaze_0_axi_intc: Property SENSITIVITY = "NULL" for interrupt input 3 not recognized - using default interrupt type Rising Edge. Please change this manually if necessary.
INFO: [xilinx.com:ip:xfft:9.1-913] /xfft_0 data_format has been set to manual on the GUI. It will not be updated during validation with a propagated value.
WARNING: [filemgmt 56-443] The ECC Algorithm string is empty. Setting the Memory Map to default ECC value to ECC_NONE.
WARNING: [filemgmt 56-443] The ECC Algorithm string is empty. Setting the Memory Map to default ECC value to ECC_NONE.
Wrote  : </mnt/data/Publications/PACT26/tmp/Hardware-Images/vivado/myproj/project_1.srcs/sources_1/bd/mb_preset/mb_preset.bd> 
INFO: [Common 17-206] Exiting Vivado at Mon Apr 13 12:01:04 2026...
